// Jest Snapshot v1, https://goo.gl/fbAQLP

exports[`renders correctly 1`] = `
<View
  style={
    Object {
      "flex": 1,
      "justifyContent": "center",
    }
  }
>
  <Modal
    animationType="slide"
    hardwareAccelerated={false}
    onRequestClose={[Function]}
    visible={false}
  >
    <View
      style={
        Object {
          "backgroundColor": "white",
          "flex": 1,
          "justifyContent": "center",
        }
      }
    >
      <View
        style={
          Object {
            "alignItems": "center",
          }
        }
      >
        <Image
          source={1}
        />
        <Text>
          Payment Successful!
        </Text>
        <Text>
          Your Bill Details
        </Text>
        <View
          closeOnRowBeginSwipe={false}
          closeOnRowPress={true}
          closeOnScroll={true}
          directionalDistanceChangeThreshold={2}
          disableLeftSwipe={false}
          disableRightSwipe={false}
          leftOpenValue={0}
          previewFirstRow={false}
          recalculateHiddenLayout={false}
          rightOpenValue={0}
          style={Object {}}
          swipeToOpenPercent={50}
        >
          <View
            accessible={true}
            isTVSelectable={true}
            onResponderGrant={[Function]}
            onResponderMove={[Function]}
            onResponderRelease={[Function]}
            onResponderTerminate={[Function]}
            onResponderTerminationRequest={[Function]}
            onStartShouldSetResponder={[Function]}
            style={null}
          >
            <View
              style={
                Object {
                  "alignItems": "center",
                  "backgroundColor": "transparent",
                  "borderBottomWidth": 0.5,
                  "borderColor": "#c9c9c9",
                  "flexDirection": "row",
                  "marginLeft": 16,
                  "paddingBottom": 13,
                  "paddingRight": 16,
                  "paddingTop": 13,
                }
              }
            >
              <Text
                style={
                  Object {
                    "textAlign": "right",
                  }
                }
              >
                Provider Name
              </Text>
              <Text
                style={
                  Object {
                    "paddingLeft": 29,
                  }
                }
              >
                El Camino Hospital
              </Text>
            </View>
          </View>
          <View
            accessible={true}
            isTVSelectable={true}
            onResponderGrant={[Function]}
            onResponderMove={[Function]}
            onResponderRelease={[Function]}
            onResponderTerminate={[Function]}
            onResponderTerminationRequest={[Function]}
            onStartShouldSetResponder={[Function]}
            style={null}
          >
            <View
              style={
                Object {
                  "alignItems": "center",
                  "backgroundColor": "transparent",
                  "borderBottomWidth": 0.5,
                  "borderColor": "#c9c9c9",
                  "flexDirection": "row",
                  "marginLeft": 16,
                  "paddingBottom": 13,
                  "paddingRight": 16,
                  "paddingTop": 13,
                }
              }
            >
              <Text
                style={
                  Object {
                    "textAlign": "left",
                  }
                }
              >
                Amount
              </Text>
              <Text
                style={
                  Object {
                    "paddingLeft": 29,
                  }
                }
              >
                $500
              </Text>
            </View>
          </View>
          <View
            accessible={true}
            isTVSelectable={true}
            onResponderGrant={[Function]}
            onResponderMove={[Function]}
            onResponderRelease={[Function]}
            onResponderTerminate={[Function]}
            onResponderTerminationRequest={[Function]}
            onStartShouldSetResponder={[Function]}
            style={null}
          >
            <View
              style={
                Object {
                  "alignItems": "center",
                  "backgroundColor": "transparent",
                  "borderBottomWidth": 0.5,
                  "borderColor": "#c9c9c9",
                  "flexDirection": "row",
                  "marginLeft": 16,
                  "paddingBottom": 13,
                  "paddingRight": 16,
                  "paddingTop": 13,
                }
              }
            >
              <Text
                style={
                  Object {
                    "textAlign": "right",
                  }
                }
              >
                Payment Method
              </Text>
              <Text
                style={
                  Object {
                    "paddingLeft": 29,
                  }
                }
              >
                Credit card ending 3924
              </Text>
            </View>
          </View>
        </View>
        <View>
          <Text>
            Congrats!You have earned 445 MPowered Points!
          </Text>
        </View>
        <View
          accessibilityRole="button"
          accessibilityStates={Array []}
          accessible={true}
          isTVSelectable={true}
          onResponderGrant={[Function]}
          onResponderMove={[Function]}
          onResponderRelease={[Function]}
          onResponderTerminate={[Function]}
          onResponderTerminationRequest={[Function]}
          onStartShouldSetResponder={[Function]}
          style={
            Object {
              "opacity": 1,
            }
          }
        >
          <View
            style={
              Array [
                Object {},
              ]
            }
          >
            <Text
              style={
                Array [
                  Object {
                    "color": "#007AFF",
                    "fontSize": 18,
                    "padding": 8,
                    "textAlign": "center",
                  },
                ]
              }
            >
              Go to Bill Summary
            </Text>
          </View>
        </View>
      </View>
    </View>
  </Modal>
  <View
    accessibilityRole="button"
    accessibilityStates={Array []}
    accessible={true}
    isTVSelectable={true}
    onResponderGrant={[Function]}
    onResponderMove={[Function]}
    onResponderRelease={[Function]}
    onResponderTerminate={[Function]}
    onResponderTerminationRequest={[Function]}
    onStartShouldSetResponder={[Function]}
    style={
      Object {
        "opacity": 1,
      }
    }
  >
    <View
      style={
        Array [
          Object {},
        ]
      }
    >
      <Text
        style={
          Array [
            Object {
              "color": "#007AFF",
              "fontSize": 18,
              "padding": 8,
              "textAlign": "center",
            },
          ]
        }
      >
        Open modal
      </Text>
    </View>
  </View>
</View>
`;
