// Jest Snapshot v1, https://goo.gl/fbAQLP

exports[`renders correctly 1`] = `
<View
  style={
    Object {
      "paddingLeft": 25,
    }
  }
>
  <View>
    <Image
      source={1}
      style={
        Object {
          "height": 40,
          "width": 34,
        }
      }
    />
  </View>
  <Text
    style={
      Array [
        Object {
          "color": "#000",
          "fontFamily": "Roboto",
          "fontSize": 16,
        },
        Object {
          "fontSize": 14,
          "height": 41,
          "lineHeight": 19,
          "textAlign": "center",
          "width": 60.2,
        },
      ]
    }
    uppercase={false}
  />
</View>
`;
